exports[`test renders correctly 1`] = `
<div
  className="SectionTitle">
  Section title
</div>
`;
